// Jest Snapshot v1, https://goo.gl/fbAQLP

exports[`<App /> renders correctly 1`] = `
Object {
  "asFragment": [Function],
  "baseElement": <body>
    <div>
      <div
        class="app"
      >
        <div
          class="MuiSnackbar-root MuiSnackbar-anchorOriginTopCenter css-zzms1-MuiSnackbar-root"
          color="white"
        >
          <div
            class="MuiPaper-root MuiPaper-elevation MuiPaper-elevation0 MuiAlert-root MuiAlert-filledInfo MuiAlert-filled css-cjcwqg-MuiPaper-root-MuiAlert-root"
            direction="down"
            role="alert"
            style="opacity: 1; transform: scale(1, 1); transition: opacity 225ms cubic-bezier(0.4, 0, 0.2, 1) 0ms,transform 150ms cubic-bezier(0.4, 0, 0.2, 1) 0ms;"
          >
            <div
              class="MuiAlert-icon css-1ytlwq5-MuiAlert-icon"
            >
              <svg
                aria-hidden="true"
                class="MuiSvgIcon-root MuiSvgIcon-fontSizeInherit css-1vooibu-MuiSvgIcon-root"
                data-testid="InfoOutlinedIcon"
                focusable="false"
                viewBox="0 0 24 24"
              >
                <path
                  d="M11,9H13V7H11M12,20C7.59,20 4,16.41 4,12C4,7.59 7.59,4 12,4C16.41,4 20,7.59 20, 12C20,16.41 16.41,20 12,20M12,2A10,10 0 0,0 2,12A10,10 0 0,0 12,22A10,10 0 0,0 22,12A10, 10 0 0,0 12,2M11,17H13V11H11V17Z"
                />
              </svg>
            </div>
            <div
              class="MuiAlert-message css-acap47-MuiAlert-message"
            >
              Please login to get latest recommendations
            </div>
          </div>
        </div>
        <div
          class="root"
        >
          <div
            class="wrapper"
          >
            <div
              class="content"
            >
              <h4
                class="MuiTypography-root MuiTypography-h4 logo css-z1kznl-MuiTypography-root"
              >
                DAI RAMP
              </h4>
              <div
                class="settingsWrapper"
              >
                <div>
                  <div
                    class="switchWrapper"
                  >
                    <span
                      class="MuiSwitch-root MuiSwitch-sizeMedium switch css-julti5-MuiSwitch-root"
                    >
                      <span
                        class="MuiSwitch-switchBase MuiSwitch-colorPrimary MuiButtonBase-root MuiSwitch-switchBase MuiSwitch-colorPrimary PrivateSwitchBase-root css-5ryogn-MuiButtonBase-root-MuiSwitch-switchBase"
                      >
                        <input
                          class="MuiSwitch-input PrivateSwitchBase-input css-1m9pwf3"
                          type="checkbox"
                        />
                        <span
                          class="MuiSwitch-thumb css-jsexje-MuiSwitch-thumb"
                        />
                        <span
                          class="MuiTouchRipple-root css-8je8zh-MuiTouchRipple-root"
                        />
                      </span>
                      <span
                        class="MuiSwitch-track css-1yjjitx-MuiSwitch-track"
                      />
                    </span>
                    <p
                      class="MuiTypography-root MuiTypography-body1 css-13baheu-MuiTypography-root"
                    >
                      Env: 
                  Beta
                    </p>
                  </div>
                  <div
                    class="switchWrapper"
                  >
                    <span
                      class="MuiSwitch-root MuiSwitch-sizeMedium css-julti5-MuiSwitch-root"
                    >
                      <span
                        class="MuiSwitch-switchBase MuiSwitch-colorPrimary Mui-checked MuiButtonBase-root MuiSwitch-switchBase MuiSwitch-colorPrimary Mui-checked PrivateSwitchBase-root Mui-checked css-5ryogn-MuiButtonBase-root-MuiSwitch-switchBase"
                      >
                        <input
                          checked=""
                          class="MuiSwitch-input PrivateSwitchBase-input css-1m9pwf3"
                          type="checkbox"
                        />
                        <span
                          class="MuiSwitch-thumb css-jsexje-MuiSwitch-thumb"
                        />
                        <span
                          class="MuiTouchRipple-root css-8je8zh-MuiTouchRipple-root"
                        />
                      </span>
                      <span
                        class="MuiSwitch-track css-1yjjitx-MuiSwitch-track"
                      />
                    </span>
                    <p
                      class="MuiTypography-root MuiTypography-body1 css-13baheu-MuiTypography-root"
                    >
                      Extended Grid
                    </p>
                  </div>
                </div>
                <div
                  class="cachedButtonWrapper"
                >
                  <button
                    class="MuiButton-root MuiButton-outlined MuiButton-outlinedPrimary MuiButton-sizeMedium MuiButton-outlinedSizeMedium MuiButtonBase-root sc-gsTEea kKIfci css-n0vbqk-MuiButtonBase-root-MuiButton-root"
                    tabindex="0"
                    type="button"
                  >
                    Cached Recs
                    <span
                      class="MuiTouchRipple-root css-8je8zh-MuiTouchRipple-root"
                    />
                  </button>
                </div>
              </div>
              <button
                class="MuiButton-root MuiButton-text MuiButton-textPrimary MuiButton-sizeMedium MuiButton-textSizeMedium MuiButtonBase-root root css-18rbm2u-MuiButtonBase-root-MuiButton-root"
                tabindex="0"
                type="button"
              >
                <p
                  class="MuiTypography-root MuiTypography-body1 css-17avyce-MuiTypography-root"
                >
                   
                  Login
                </p>
                <svg
                  aria-hidden="true"
                  class="MuiSvgIcon-root"
                  focusable="false"
                  viewBox="0 0 24 24"
                >
                  <path
                    d="M12 12c2.21 0 4-1.79 4-4s-1.79-4-4-4-4 1.79-4 4 1.79 4 4 4zm0 2c-2.67 0-8 1.34-8 4v2h16v-2c0-2.66-5.33-4-8-4z"
                  />
                </svg>
                <span
                  class="MuiTouchRipple-root css-8je8zh-MuiTouchRipple-root"
                />
              </button>
            </div>
          </div>
        </div>
        <div
          class="recommendationsWrapper"
        >
          <div
            class="root"
          >
            <a
              aria-current="page"
              class="sc-hKgJUU dPGajF root__selected"
              href="/"
            >
              <p
                class="MuiTypography-root MuiTypography-body1 linkText css-1bs13wk-MuiTypography-root"
              >
                Targeted Components
              </p>
            </a>
            <span>
              |
            </span>
            <p
              class="MuiTypography-root MuiTypography-body1 sc-eCstlR dYaeBH linkText css-1bs13wk-MuiTypography-root"
              title="Coming soon"
            >
              Sub Models
            </p>
            <span>
              |
            </span>
            <p
              class="MuiTypography-root MuiTypography-body1 sc-eCstlR dYaeBH linkText css-1bs13wk-MuiTypography-root"
              title="Coming soon"
            >
              Content Ranking
            </p>
            <span>
              |
            </span>
            <p
              class="MuiTypography-root MuiTypography-body1 sc-eCstlR dYaeBH linkText css-1bs13wk-MuiTypography-root"
              title="Coming soon"
            >
              Recommendation Simulator
            </p>
          </div>
        </div>
        <div
          class="root"
        >
          <p
            class="MuiTypography-root MuiTypography-body1 css-13baheu-MuiTypography-root"
          >
            Footer
          </p>
        </div>
      </div>
    </div>
  </body>,
  "container": <div>
    <div
      class="app"
    >
      <div
        class="MuiSnackbar-root MuiSnackbar-anchorOriginTopCenter css-zzms1-MuiSnackbar-root"
        color="white"
      >
        <div
          class="MuiPaper-root MuiPaper-elevation MuiPaper-elevation0 MuiAlert-root MuiAlert-filledInfo MuiAlert-filled css-cjcwqg-MuiPaper-root-MuiAlert-root"
          direction="down"
          role="alert"
          style="opacity: 1; transform: scale(1, 1); transition: opacity 225ms cubic-bezier(0.4, 0, 0.2, 1) 0ms,transform 150ms cubic-bezier(0.4, 0, 0.2, 1) 0ms;"
        >
          <div
            class="MuiAlert-icon css-1ytlwq5-MuiAlert-icon"
          >
            <svg
              aria-hidden="true"
              class="MuiSvgIcon-root MuiSvgIcon-fontSizeInherit css-1vooibu-MuiSvgIcon-root"
              data-testid="InfoOutlinedIcon"
              focusable="false"
              viewBox="0 0 24 24"
            >
              <path
                d="M11,9H13V7H11M12,20C7.59,20 4,16.41 4,12C4,7.59 7.59,4 12,4C16.41,4 20,7.59 20, 12C20,16.41 16.41,20 12,20M12,2A10,10 0 0,0 2,12A10,10 0 0,0 12,22A10,10 0 0,0 22,12A10, 10 0 0,0 12,2M11,17H13V11H11V17Z"
              />
            </svg>
          </div>
          <div
            class="MuiAlert-message css-acap47-MuiAlert-message"
          >
            Please login to get latest recommendations
          </div>
        </div>
      </div>
      <div
        class="root"
      >
        <div
          class="wrapper"
        >
          <div
            class="content"
          >
            <h4
              class="MuiTypography-root MuiTypography-h4 logo css-z1kznl-MuiTypography-root"
            >
              DAI RAMP
            </h4>
            <div
              class="settingsWrapper"
            >
              <div>
                <div
                  class="switchWrapper"
                >
                  <span
                    class="MuiSwitch-root MuiSwitch-sizeMedium switch css-julti5-MuiSwitch-root"
                  >
                    <span
                      class="MuiSwitch-switchBase MuiSwitch-colorPrimary MuiButtonBase-root MuiSwitch-switchBase MuiSwitch-colorPrimary PrivateSwitchBase-root css-5ryogn-MuiButtonBase-root-MuiSwitch-switchBase"
                    >
                      <input
                        class="MuiSwitch-input PrivateSwitchBase-input css-1m9pwf3"
                        type="checkbox"
                      />
                      <span
                        class="MuiSwitch-thumb css-jsexje-MuiSwitch-thumb"
                      />
                      <span
                        class="MuiTouchRipple-root css-8je8zh-MuiTouchRipple-root"
                      />
                    </span>
                    <span
                      class="MuiSwitch-track css-1yjjitx-MuiSwitch-track"
                    />
                  </span>
                  <p
                    class="MuiTypography-root MuiTypography-body1 css-13baheu-MuiTypography-root"
                  >
                    Env: 
                  Beta
                  </p>
                </div>
                <div
                  class="switchWrapper"
                >
                  <span
                    class="MuiSwitch-root MuiSwitch-sizeMedium css-julti5-MuiSwitch-root"
                  >
                    <span
                      class="MuiSwitch-switchBase MuiSwitch-colorPrimary Mui-checked MuiButtonBase-root MuiSwitch-switchBase MuiSwitch-colorPrimary Mui-checked PrivateSwitchBase-root Mui-checked css-5ryogn-MuiButtonBase-root-MuiSwitch-switchBase"
                    >
                      <input
                        checked=""
                        class="MuiSwitch-input PrivateSwitchBase-input css-1m9pwf3"
                        type="checkbox"
                      />
                      <span
                        class="MuiSwitch-thumb css-jsexje-MuiSwitch-thumb"
                      />
                      <span
                        class="MuiTouchRipple-root css-8je8zh-MuiTouchRipple-root"
                      />
                    </span>
                    <span
                      class="MuiSwitch-track css-1yjjitx-MuiSwitch-track"
                    />
                  </span>
                  <p
                    class="MuiTypography-root MuiTypography-body1 css-13baheu-MuiTypography-root"
                  >
                    Extended Grid
                  </p>
                </div>
              </div>
              <div
                class="cachedButtonWrapper"
              >
                <button
                  class="MuiButton-root MuiButton-outlined MuiButton-outlinedPrimary MuiButton-sizeMedium MuiButton-outlinedSizeMedium MuiButtonBase-root sc-gsTEea kKIfci css-n0vbqk-MuiButtonBase-root-MuiButton-root"
                  tabindex="0"
                  type="button"
                >
                  Cached Recs
                  <span
                    class="MuiTouchRipple-root css-8je8zh-MuiTouchRipple-root"
                  />
                </button>
              </div>
            </div>
            <button
              class="MuiButton-root MuiButton-text MuiButton-textPrimary MuiButton-sizeMedium MuiButton-textSizeMedium MuiButtonBase-root root css-18rbm2u-MuiButtonBase-root-MuiButton-root"
              tabindex="0"
              type="button"
            >
              <p
                class="MuiTypography-root MuiTypography-body1 css-17avyce-MuiTypography-root"
              >
                 
                Login
              </p>
              <svg
                aria-hidden="true"
                class="MuiSvgIcon-root"
                focusable="false"
                viewBox="0 0 24 24"
              >
                <path
                  d="M12 12c2.21 0 4-1.79 4-4s-1.79-4-4-4-4 1.79-4 4 1.79 4 4 4zm0 2c-2.67 0-8 1.34-8 4v2h16v-2c0-2.66-5.33-4-8-4z"
                />
              </svg>
              <span
                class="MuiTouchRipple-root css-8je8zh-MuiTouchRipple-root"
              />
            </button>
          </div>
        </div>
      </div>
      <div
        class="recommendationsWrapper"
      >
        <div
          class="root"
        >
          <a
            aria-current="page"
            class="sc-hKgJUU dPGajF root__selected"
            href="/"
          >
            <p
              class="MuiTypography-root MuiTypography-body1 linkText css-1bs13wk-MuiTypography-root"
            >
              Targeted Components
            </p>
          </a>
          <span>
            |
          </span>
          <p
            class="MuiTypography-root MuiTypography-body1 sc-eCstlR dYaeBH linkText css-1bs13wk-MuiTypography-root"
            title="Coming soon"
          >
            Sub Models
          </p>
          <span>
            |
          </span>
          <p
            class="MuiTypography-root MuiTypography-body1 sc-eCstlR dYaeBH linkText css-1bs13wk-MuiTypography-root"
            title="Coming soon"
          >
            Content Ranking
          </p>
          <span>
            |
          </span>
          <p
            class="MuiTypography-root MuiTypography-body1 sc-eCstlR dYaeBH linkText css-1bs13wk-MuiTypography-root"
            title="Coming soon"
          >
            Recommendation Simulator
          </p>
        </div>
      </div>
      <div
        class="root"
      >
        <p
          class="MuiTypography-root MuiTypography-body1 css-13baheu-MuiTypography-root"
        >
          Footer
        </p>
      </div>
    </div>
  </div>,
  "debug": [Function],
  "findAllByAltText": [Function],
  "findAllByDisplayValue": [Function],
  "findAllByLabelText": [Function],
  "findAllByPlaceholderText": [Function],
  "findAllByRole": [Function],
  "findAllByTestId": [Function],
  "findAllByText": [Function],
  "findAllByTitle": [Function],
  "findByAltText": [Function],
  "findByDisplayValue": [Function],
  "findByLabelText": [Function],
  "findByPlaceholderText": [Function],
  "findByRole": [Function],
  "findByTestId": [Function],
  "findByText": [Function],
  "findByTitle": [Function],
  "getAllByAltText": [Function],
  "getAllByDisplayValue": [Function],
  "getAllByLabelText": [Function],
  "getAllByPlaceholderText": [Function],
  "getAllByRole": [Function],
  "getAllByTestId": [Function],
  "getAllByText": [Function],
  "getAllByTitle": [Function],
  "getByAltText": [Function],
  "getByDisplayValue": [Function],
  "getByLabelText": [Function],
  "getByPlaceholderText": [Function],
  "getByRole": [Function],
  "getByTestId": [Function],
  "getByText": [Function],
  "getByTitle": [Function],
  "queryAllByAltText": [Function],
  "queryAllByDisplayValue": [Function],
  "queryAllByLabelText": [Function],
  "queryAllByPlaceholderText": [Function],
  "queryAllByRole": [Function],
  "queryAllByTestId": [Function],
  "queryAllByText": [Function],
  "queryAllByTitle": [Function],
  "queryByAltText": [Function],
  "queryByDisplayValue": [Function],
  "queryByLabelText": [Function],
  "queryByPlaceholderText": [Function],
  "queryByRole": [Function],
  "queryByTestId": [Function],
  "queryByText": [Function],
  "queryByTitle": [Function],
  "rerender": [Function],
  "unmount": [Function],
}
`;
